<?xml version="1.0" encoding="utf-8"?><testsuites><testsuite name="pytest" errors="0" failures="0" skipped="0" tests="16" time="0.166" timestamp="2024-10-30T17:08:43.786158-05:00" hostname="DESKTOP-SACB1K4"><testcase classname="tests.step_defs.grades.02.test__Additions_01" name="test_25" time="0.001" /><testcase classname="tests.step_defs.grades.02.test__Additions_01" name="test_15" time="0.001" /><testcase classname="tests.step_defs.grades.02.test__Additions_01" name="test_37" time="0.001" /><testcase classname="tests.step_defs.grades.02.test__Additions_01" name="test_35" time="0.001" /><testcase classname="tests.step_defs.grades.02.test__Additions_01" name="test_45" time="0.001" /><testcase classname="tests.step_defs.grades.02.test__Additions_01" name="test_66" time="0.001" /><testcase classname="tests.step_defs.grades.02.test__Additions_01" name="test_27" time="0.001" /><testcase classname="tests.step_defs.grades.02.test__Additions_01" name="test_45_1" time="0.001" /><testcase classname="tests.step_defs.grades.02.test__Additions_01" name="test_num1__num2[28-25-53]" time="0.001" /><testcase classname="tests.step_defs.grades.02.test__Additions_01" name="test_num1__num2[44-37-81]" time="0.001" /><testcase classname="tests.step_defs.grades.02.test__Additions_01" name="test_num1__num2[80-15-95]" time="0.001" /><testcase classname="tests.step_defs.grades.02.test__Additions_01" name="test_num1__num2[48-35-83]" time="0.001" /><testcase classname="tests.step_defs.grades.02.test__Additions_01" name="test_num1__num2[19-45-64]" time="0.001" /><testcase classname="tests.step_defs.grades.02.test__Additions_01" name="test_num1__num2[66-27-93]" time="0.001" /><testcase classname="tests.step_defs.grades.02.test__Additions_01" name="test_num1__num2[22-66-88]" time="0.001" /><testcase classname="tests.step_defs.grades.02.test__Additions_01" name="test_num1__num2[17-45-62]" time="0.001" /></testsuite></testsuites>